// Bun Snapshot v1, https://bun.sh/docs/test/snapshots

exports[`GET /api/task/[id]/context — golden bundle for a fully-populated task 1`] = `
{
  "agent": 
"# \`PRJctx-golden-N\` Central task
Tags: \`alpha\`, \`beta\`
Priority: \`high\`
PR: https://example.test/pr/1

Central description


## Implementation Plan

Step one then step two


## Prerequisites (context only — do NOT implement these)

- \`PRJctx-golden-N\` **Prereq task** [done] — needs prereq output


## Upstream Execution Records

### \`PRJctx-golden-N\` Prereq task
Prereq execution record


## Constraints

- [explicit] Use approach X


## Done Means

- [ ] It works


## Files

- lib/a.ts
- lib/b.ts


## Assignees

- User ctx-golden <userctx-golden@test.local>


## Links

- [pull_request] PR 1 (https://example.test/pr/1)


## Execution Record

Built the thing


## Downstream (what depends on this task's output)

- \`PRJctx-golden-N\` **Downstream task** [draft] — consumes central"
,
  "planning": 
"# \`PRJctx-golden-N\` Central task
Tags: \`alpha\`, \`beta\`
Priority: \`high\`


## Project Context

Project: Project ctx-golden


## Description

Central description


## Acceptance Criteria

- [ ] It works


## Existing Implementation Plan

Step one then step two


## Prerequisites (context only — do NOT implement these)

- \`PRJctx-golden-N\` **Prereq task** [done] — needs prereq output


## What's Been Built (from done prerequisites)

### \`PRJctx-golden-N\` Prereq task
Prereq execution record


## Decisions

- [explicit] Use approach X


## Downstream (tasks that depend on this task's output)

- \`PRJctx-golden-N\` **Downstream task** [draft] — consumes central
  Downstream description"
,
  "working": 
"# \`PRJctx-golden-N\` "Central task" (in_review)

## Description
Central description

## Meta
- Priority: \`high\`
- Assignees: User ctx-golden
- PR: https://example.test/pr/1

## Tags
\`alpha\`, \`beta\`

## Acceptance Criteria

- [ ] It works

## Hierarchy
project: "Project ctx-golden" > task: "Central task"

## Decisions
- [explicit] Use approach X (2026-05-16)

## Connected Tasks
- depends_on → \`PRJctx-golden-N\` "Prereq task" (done) — needs prereq output
- depends_on ← \`PRJctx-golden-N\` "Downstream task" (draft) — consumes central

## Links
- [pull_request] PR 1 — https://example.test/pr/1"
,
}
`;
